[CONFIG] DATABASE_URL raw: sqlite:///instance/database.db
[CONFIG] DATABASE_URL type: <class 'str'>
[CONFIG] DATABASE_URL is empty: False
[CONFIG] DATABASE_URL starts with: sqlite:///instance/d
[CONFIG] DATABASE_URL full (first 100 chars): sqlite:///instance/database.db
[CONFIG] Using SQLite - DATABASE_URL not valid for PostgreSQL
============================================================
TESTE 1: Conexao com Database
============================================================
[OK] Usuarios no banco: 4
[OK] Busca por email 'teste@gmail.com': Nao encontrado

[OK] Primeiros 5 usuarios:
   - tcharlysonf.f@gmail.com
   - admin@test.com
   - test@test.com
   - charles.santos.tech@gmail.com

============================================================
TESTE 2: Simulando endpoint /api/validate-email
============================================================

[ERRO] UndefinedError
   Mensagem: 'form' is undefined
